Archive member included because of file (symbol)

c:/freescale/kds_3.0.0/toolchain/bin/../lib/gcc/arm-none-eabi/4.8.4/armv6-m\libgcc.a(_divsi3.o)
                              ./Sources/Application.o (__aeabi_idiv)
c:/freescale/kds_3.0.0/toolchain/bin/../lib/gcc/arm-none-eabi/4.8.4/armv6-m\libgcc.a(_dvmd_tls.o)
                              c:/freescale/kds_3.0.0/toolchain/bin/../lib/gcc/arm-none-eabi/4.8.4/armv6-m\libgcc.a(_divsi3.o) (__aeabi_idiv0)
c:/freescale/kds_3.0.0/toolchain/bin/../lib/gcc/arm-none-eabi/4.8.4/armv6-m\libgcc.a(_arm_cmpsf2.o)
                              ./Generated_Code/PwmLdd1.o (__aeabi_fcmpgt)
c:/freescale/kds_3.0.0/toolchain/bin/../lib/gcc/arm-none-eabi/4.8.4/armv6-m\libgcc.a(_fixunssfsi.o)
                              ./Generated_Code/PwmLdd1.o (__aeabi_f2uiz)
c:/freescale/kds_3.0.0/toolchain/bin/../lib/gcc/arm-none-eabi/4.8.4/armv6-m\libgcc.a(eqsf2.o)
                              c:/freescale/kds_3.0.0/toolchain/bin/../lib/gcc/arm-none-eabi/4.8.4/armv6-m\libgcc.a(_arm_cmpsf2.o) (__eqsf2)
c:/freescale/kds_3.0.0/toolchain/bin/../lib/gcc/arm-none-eabi/4.8.4/armv6-m\libgcc.a(gesf2.o)
                              c:/freescale/kds_3.0.0/toolchain/bin/../lib/gcc/arm-none-eabi/4.8.4/armv6-m\libgcc.a(_arm_cmpsf2.o) (__gesf2)
c:/freescale/kds_3.0.0/toolchain/bin/../lib/gcc/arm-none-eabi/4.8.4/armv6-m\libgcc.a(lesf2.o)
                              c:/freescale/kds_3.0.0/toolchain/bin/../lib/gcc/arm-none-eabi/4.8.4/armv6-m\libgcc.a(_arm_cmpsf2.o) (__lesf2)
c:/freescale/kds_3.0.0/toolchain/bin/../lib/gcc/arm-none-eabi/4.8.4/armv6-m\libgcc.a(mulsf3.o)
                              ./Generated_Code/PwmLdd1.o (__aeabi_fmul)
c:/freescale/kds_3.0.0/toolchain/bin/../lib/gcc/arm-none-eabi/4.8.4/armv6-m\libgcc.a(subsf3.o)
                              c:/freescale/kds_3.0.0/toolchain/bin/../lib/gcc/arm-none-eabi/4.8.4/armv6-m\libgcc.a(_fixunssfsi.o) (__aeabi_fsub)
c:/freescale/kds_3.0.0/toolchain/bin/../lib/gcc/arm-none-eabi/4.8.4/armv6-m\libgcc.a(fixsfsi.o)
                              c:/freescale/kds_3.0.0/toolchain/bin/../lib/gcc/arm-none-eabi/4.8.4/armv6-m\libgcc.a(_fixunssfsi.o) (__aeabi_f2iz)
c:/freescale/kds_3.0.0/toolchain/bin/../lib/gcc/arm-none-eabi/4.8.4/armv6-m\libgcc.a(floatsisf.o)
                              ./Generated_Code/PwmLdd1.o (__aeabi_i2f)
c:/freescale/kds_3.0.0/toolchain/bin/../lib/gcc/arm-none-eabi/4.8.4/armv6-m\libgcc.a(_clzsi2.o)
                              c:/freescale/kds_3.0.0/toolchain/bin/../lib/gcc/arm-none-eabi/4.8.4/armv6-m\libgcc.a(mulsf3.o) (__clzsi2)
c:/freescale/kds_3.0.0/toolchain/bin/../lib/gcc/arm-none-eabi/4.8.4/../../../../arm-none-eabi/lib/armv6-m\libg_s.a(lib_a-exit.o)
                              c:/freescale/kds_3.0.0/toolchain/bin/../lib/gcc/arm-none-eabi/4.8.4/../../../../arm-none-eabi/lib/armv6-m/crt0.o (exit)
c:/freescale/kds_3.0.0/toolchain/bin/../lib/gcc/arm-none-eabi/4.8.4/../../../../arm-none-eabi/lib/armv6-m\libg_s.a(lib_a-impure.o)
                              c:/freescale/kds_3.0.0/toolchain/bin/../lib/gcc/arm-none-eabi/4.8.4/../../../../arm-none-eabi/lib/armv6-m\libg_s.a(lib_a-exit.o) (_global_impure_ptr)
c:/freescale/kds_3.0.0/toolchain/bin/../lib/gcc/arm-none-eabi/4.8.4/../../../../arm-none-eabi/lib/armv6-m\libg_s.a(lib_a-init.o)
                              c:/freescale/kds_3.0.0/toolchain/bin/../lib/gcc/arm-none-eabi/4.8.4/../../../../arm-none-eabi/lib/armv6-m/crt0.o (__libc_init_array)
c:/freescale/kds_3.0.0/toolchain/bin/../lib/gcc/arm-none-eabi/4.8.4/../../../../arm-none-eabi/lib/armv6-m\libg_s.a(lib_a-memset.o)
                              c:/freescale/kds_3.0.0/toolchain/bin/../lib/gcc/arm-none-eabi/4.8.4/../../../../arm-none-eabi/lib/armv6-m/crt0.o (memset)
c:/freescale/kds_3.0.0/toolchain/bin/../lib/gcc/arm-none-eabi/4.8.4/../../../../arm-none-eabi/lib/armv6-m\libnosys.a(_exit.o)
                              c:/freescale/kds_3.0.0/toolchain/bin/../lib/gcc/arm-none-eabi/4.8.4/../../../../arm-none-eabi/lib/armv6-m\libg_s.a(lib_a-exit.o) (_exit)

Allocating common symbols
Common symbol       size              file

AD1_OutV            0x1               ./Generated_Code/AD1.o
AdcLdd1_DeviceDataPtr
                    0x4               ./Generated_Code/AD1.o
SR_reg              0x1               ./Generated_Code/Cpu.o
_pixel              0x80              ./Sources/Events.o

Discarded input sections

 .text          0x00000000        0x0 c:/freescale/kds_3.0.0/toolchain/bin/../lib/gcc/arm-none-eabi/4.8.4/armv6-m/crti.o
 .data          0x00000000        0x0 c:/freescale/kds_3.0.0/toolchain/bin/../lib/gcc/arm-none-eabi/4.8.4/armv6-m/crti.o
 .bss           0x00000000        0x0 c:/freescale/kds_3.0.0/toolchain/bin/../lib/gcc/arm-none-eabi/4.8.4/armv6-m/crti.o
 .data          0x00000000        0x4 c:/freescale/kds_3.0.0/toolchain/bin/../lib/gcc/arm-none-eabi/4.8.4/armv6-m/crtbegin.o
[...]
Memory Configuration

Name             Origin             Length             Attributes
m_interrupts     0x00000000         0x000000c0         xr
m_text           0x00000410         0x0001fbf0         xr
m_data           0x1ffff000         0x00004000         rw
m_cfmprotrom     0x00000400         0x00000010         xr
*default*        0x00000000         0xffffffff

Linker script and memory map

LOAD c:/freescale/kds_3.0.0/toolchain/bin/../lib/gcc/arm-none-eabi/4.8.4/armv6-m/crti.o
LOAD c:/freescale/kds_3.0.0/toolchain/bin/../lib/gcc/arm-none-eabi/4.8.4/armv6-m/crtbegin.o
LOAD c:/freescale/kds_3.0.0/toolchain/bin/../lib/gcc/arm-none-eabi/4.8.4/../../../../arm-none-eabi/lib/armv6-m/crt0.o
LOAD ./Sources/Application.o
LOAD ./Sources/Events.o
LOAD ./Sources/main.o
LOAD ./Project_Settings/Startup_Code/startup.o
LOAD ./Generated_Code/AD1.o
LOAD ./Generated_Code/AS1.o
LOAD ./Generated_Code/AdcLdd1.o
LOAD ./Generated_Code/BigClock.o
LOAD ./Generated_Code/BitIoLdd1.o
LOAD ./Generated_Code/BitIoLdd2.o
LOAD ./Generated_Code/Cpu.o
LOAD ./Generated_Code/LitleClock.o
LOAD ./Generated_Code/PE_LDD.o
LOAD ./Generated_Code/PWM1.o
LOAD ./Generated_Code/PwmLdd1.o
LOAD ./Generated_Code/RxBuf.o
LOAD ./Generated_Code/SI.o
LOAD ./Generated_Code/TU1.o
LOAD ./Generated_Code/TU2.o
LOAD ./Generated_Code/TimerIntLdd1.o
LOAD ./Generated_Code/Vectors.o
LOAD c:/freescale/kds_3.0.0/toolchain/bin/../lib/gcc/arm-none-eabi/4.8.4/../../../../arm-none-eabi/lib/armv6-m\libstdc++_s.a
LOAD c:/freescale/kds_3.0.0/toolchain/bin/../lib/gcc/arm-none-eabi/4.8.4/../../../../arm-none-eabi/lib/armv6-m\libm.a
START GROUP
LOAD c:/freescale/kds_3.0.0/toolchain/bin/../lib/gcc/arm-none-eabi/4.8.4/armv6-m\libgcc.a
LOAD c:/freescale/kds_3.0.0/toolchain/bin/../lib/gcc/arm-none-eabi/4.8.4/../../../../arm-none-eabi/lib/armv6-m\libg_s.a
LOAD c:/freescale/kds_3.0.0/toolchain/bin/../lib/gcc/arm-none-eabi/4.8.4/../../../../arm-none-eabi/lib/armv6-m\libc_s.a
END GROUP
START GROUP
LOAD c:/freescale/kds_3.0.0/toolchain/bin/../lib/gcc/arm-none-eabi/4.8.4/armv6-m\libgcc.a
LOAD c:/freescale/kds_3.0.0/toolchain/bin/../lib/gcc/arm-none-eabi/4.8.4/../../../../arm-none-eabi/lib/armv6-m\libc_s.a
LOAD c:/freescale/kds_3.0.0/toolchain/bin/../lib/gcc/arm-none-eabi/4.8.4/../../../../arm-none-eabi/lib/armv6-m\libnosys.a
END GROUP
START GROUP
LOAD c:/freescale/kds_3.0.0/toolchain/bin/../lib/gcc/arm-none-eabi/4.8.4/armv6-m\libgcc.a
LOAD c:/freescale/kds_3.0.0/toolchain/bin/../lib/gcc/arm-none-eabi/4.8.4/../../../../arm-none-eabi/lib/armv6-m\libc_s.a
LOAD c:/freescale/kds_3.0.0/toolchain/bin/../lib/gcc/arm-none-eabi/4.8.4/../../../../arm-none-eabi/lib/armv6-m\libnosys.a
END GROUP
LOAD c:/freescale/kds_3.0.0/toolchain/bin/../lib/gcc/arm-none-eabi/4.8.4/armv6-m/crtend.o
LOAD c:/freescale/kds_3.0.0/toolchain/bin/../lib/gcc/arm-none-eabi/4.8.4/armv6-m/crtn.o
                0x20003000                _estack = 0x20003000
                0x20003000                __SP_INIT = _estack
                0x20003000                __stack = _estack
                0x00000000                __heap_size = 0x0
                0x00000400                __stack_size = 0x400

.interrupts     0x00000000       0xc0
                0x00000000                __vector_table = .
                0x00000000                . = ALIGN (0x4)
 *(.vectortable)
 .vectortable   0x00000000       0xc0 ./Generated_Code/Vectors.o
                0x00000000                __vect_table
                0x000000c0                . = ALIGN (0x4)

.cfmprotect     0x00000400       0x10
                0x00000400                . = ALIGN (0x4)
 *(.cfmconfig)
 .cfmconfig     0x00000400       0x10 ./Generated_Code/Cpu.o
                0x00000400                _cfm
                0x00000410                . = ALIGN (0x4)

.text           0x00000410     0x14a4
                0x00000410                . = ALIGN (0x4)
 *(.text)
 .text          0x00000410       0x60 c:/freescale/kds_3.0.0/toolchain/bin/../lib/gcc/arm-none-eabi/4.8.4/armv6-m/crtbegin.o
 .text          0x00000470       0x78 c:/freescale/kds_3.0.0/toolchain/bin/../lib/gcc/arm-none-eabi/4.8.4/../../../../arm-none-eabi/lib/armv6-m/crt0.o
                0x00000470                _start
                0x00000470                _mainCRTStartup
 *(.text*)
 .text.SendChar
                0x000004e8       0x40 ./Sources/Application.o
 .text.Init     0x00000528       0x50 ./Sources/Application.o
 .text.Send_char
                0x00000578       0x3c ./Sources/Application.o
                0x00000578                Send_char
 .text.Cpu_OnNMIINT
                0x000005b4        0x8 ./Sources/Events.o
                0x000005b4                Cpu_OnNMIINT
 .text.AS1_OnBlockReceived
                0x000005bc       0x30 ./Sources/Events.o
                0x000005bc                AS1_OnBlockReceived
 .text.AS1_OnBlockSent
                0x000005ec       0x18 ./Sources/Events.o
                0x000005ec                AS1_OnBlockSent
 .text.AD1_OnEnd
                0x00000604        0x8 ./Sources/Events.o
                0x00000604                AD1_OnEnd
 .text.AD1_OnCalibrationEnd
                0x0000060c        0x8 ./Sources/Events.o
                0x0000060c                AD1_OnCalibrationEnd
 .text.LitleClock_OnInterrupt
                0x00000614       0xac ./Sources/Events.o
                0x00000614                LitleClock_OnInterrupt
 .text.main     0x000006c0       0x20 ./Sources/main.o
                0x000006c0                main
 .text.__copy_rom_section
                0x000006e0       0xd8 ./Project_Settings/Startup_Code/startup.o
                0x000006e0                __copy_rom_section
 .text.__copy_rom_sections_to_ram
                0x000007b8       0x98 ./Project_Settings/Startup_Code/startup.o
                0x000007b8                __copy_rom_sections_to_ram
 .text.__init_registers
                0x00000850        0x8 ./Project_Settings/Startup_Code/startup.o
                0x00000850                __init_registers
 .text.__init_user
                0x00000858        0x8 ./Project_Settings/Startup_Code/startup.o
                0x00000858                __init_user
 .text.__thumb_startup
                0x00000860       0x30 ./Project_Settings/Startup_Code/startup.o
                0x00000860                __thumb_startup
 .text.AD1_HWEnDi
                0x00000890       0x48 ./Generated_Code/AD1.o
                0x00000890                AD1_HWEnDi
 .text.AD1_Measure
                0x000008d8       0x48 ./Generated_Code/AD1.o
                0x000008d8                AD1_Measure
 .text.AdcLdd1_OnMeasurementComplete
                0x00000920       0x5c ./Generated_Code/AD1.o
                0x00000920                AdcLdd1_OnMeasurementComplete
 .text.AD1_Init
                0x0000097c       0x2c ./Generated_Code/AD1.o
                0x0000097c                AD1_Init
 .text.AS1_Init
                0x000009a8      0x1b0 ./Generated_Code/AS1.o
                0x000009a8                AS1_Init
 .text.AS1_ReceiveBlock
                0x00000b58       0x98 ./Generated_Code/AS1.o
                0x00000b58                AS1_ReceiveBlock
 .text.AS1_SendBlock
                0x00000bf0       0xc4 ./Generated_Code/AS1.o
                0x00000bf0                AS1_SendBlock
 .text.InterruptRx
                0x00000cb4       0x58 ./Generated_Code/AS1.o
 .text.InterruptTx
                0x00000d0c       0x80 ./Generated_Code/AS1.o
 .text.AS1_Interrupt
                0x00000d8c       0x64 ./Generated_Code/AS1.o
                0x00000d8c                AS1_Interrupt
 .text.AdcLdd1_Init
                0x00000df0       0xc4 ./Generated_Code/AdcLdd1.o
                0x00000df0                AdcLdd1_Init
 .text.AdcLdd1_StartSingleMeasurement
                0x00000eb4       0x44 ./Generated_Code/AdcLdd1.o
                0x00000eb4                AdcLdd1_StartSingleMeasurement
 .text.AdcLdd1_CreateSampleGroup
                0x00000ef8       0x64 ./Generated_Code/AdcLdd1.o
                0x00000ef8                AdcLdd1_CreateSampleGroup
 .text.AdcLdd1_GetMeasuredValues
                0x00000f5c       0x60 ./Generated_Code/AdcLdd1.o
                0x00000f5c                AdcLdd1_GetMeasuredValues
 .text.AdcLdd1_GetCalibrationResultStatus
                0x00000fbc       0xb8 ./Generated_Code/AdcLdd1.o
                0x00000fbc                AdcLdd1_GetCalibrationResultStatus
 .text.AdcLdd1_MeasurementCompleteInterrupt
                0x00001074       0x30 ./Generated_Code/AdcLdd1.o
                0x00001074                AdcLdd1_MeasurementCompleteInterrupt
 .text.BitIoLdd1_Init
                0x000010a4       0x60 ./Generated_Code/BitIoLdd1.o
                0x000010a4                BitIoLdd1_Init
 .text.BitIoLdd1_ClrVal
                0x00001104       0x18 ./Generated_Code/BitIoLdd1.o
                0x00001104                BitIoLdd1_ClrVal
 .text.BitIoLdd1_SetVal
                0x0000111c       0x18 ./Generated_Code/BitIoLdd1.o
                0x0000111c                BitIoLdd1_SetVal
 .text.BitIoLdd2_Init
                0x00001134       0x60 ./Generated_Code/BitIoLdd2.o
                0x00001134                BitIoLdd2_Init
 .text.BitIoLdd2_ClrVal
                0x00001194       0x18 ./Generated_Code/BitIoLdd2.o
                0x00001194                BitIoLdd2_ClrVal
 .text.BitIoLdd2_SetVal
                0x000011ac       0x18 ./Generated_Code/BitIoLdd2.o
                0x000011ac                BitIoLdd2_SetVal
 .text.Cpu_INT_NMIInterrupt
                0x000011c4        0xc ./Generated_Code/Cpu.o
                0x000011c4                Cpu_INT_NMIInterrupt
 .text.Cpu_Interrupt
                0x000011d0        0xc ./Generated_Code/Cpu.o
                0x000011d0                Cpu_Interrupt
 .text.__init_hardware
                0x000011dc      0x120 ./Generated_Code/Cpu.o
                0x000011dc                __init_hardware
 .text.PE_low_level_init
                0x000012fc       0xe8 ./Generated_Code/Cpu.o
                0x000012fc                PE_low_level_init
 .text.TimerIntLdd1_OnInterrupt
                0x000013e4       0x14 ./Generated_Code/LitleClock.o
                0x000013e4                TimerIntLdd1_OnInterrupt
 .text.PwmLdd1_Init
                0x000013f8       0x58 ./Generated_Code/PwmLdd1.o
                0x000013f8                PwmLdd1_Init
 .text.RxBuf_Put
                0x00001450       0xc0 ./Generated_Code/RxBuf.o
                0x00001450                RxBuf_Put
 .text.RxBuf_Init
                0x00001510       0x28 ./Generated_Code/RxBuf.o
                0x00001510                RxBuf_Init
 .text.TU1_Init
                0x00001538       0xbc ./Generated_Code/TU1.o
                0x00001538                TU1_Init
 .text.TU1_Enable
                0x000015f4       0x28 ./Generated_Code/TU1.o
                0x000015f4                TU1_Enable
 .text.TU1_Disable
                0x0000161c       0x24 ./Generated_Code/TU1.o
                0x0000161c                TU1_Disable
 .text.TU1_Interrupt
                0x00001640       0x30 ./Generated_Code/TU1.o
                0x00001640                TU1_Interrupt
 .text.TU2_Init
                0x00001670       0xc4 ./Generated_Code/TU2.o
                0x00001670                TU2_Init
 .text.TimerIntLdd1_Init
                0x00001734       0x50 ./Generated_Code/TimerIntLdd1.o
                0x00001734                TimerIntLdd1_Init
 .text.TimerIntLdd1_Enable
                0x00001784       0x30 ./Generated_Code/TimerIntLdd1.o
                0x00001784                TimerIntLdd1_Enable
 .text.TimerIntLdd1_Disable
                0x000017b4       0x30 ./Generated_Code/TimerIntLdd1.o
                0x000017b4                TimerIntLdd1_Disable
 .text.TU1_OnCounterRestart
                0x000017e4       0x24 ./Generated_Code/TimerIntLdd1.o
                0x000017e4                TU1_OnCounterRestart
 .text.exit     0x00001808       0x2c c:/freescale/kds_3.0.0/toolchain/bin/../lib/gcc/arm-none-eabi/4.8.4/../../../../arm-none-eabi/lib/armv6-m\libg_s.a(lib_a-exit.o)
                0x00001808                exit
 .text.__libc_init_array
                0x00001834       0x4c c:/freescale/kds_3.0.0/toolchain/bin/../lib/gcc/arm-none-eabi/4.8.4/../../../../arm-none-eabi/lib/armv6-m\libg_s.a(lib_a-init.o)
                0x00001834                __libc_init_array
 .text.memset   0x00001880       0x10 c:/freescale/kds_3.0.0/toolchain/bin/../lib/gcc/arm-none-eabi/4.8.4/../../../../arm-none-eabi/lib/armv6-m\libg_s.a(lib_a-memset.o)
                0x00001880                memset
 .text._exit    0x00001890        0x4 c:/freescale/kds_3.0.0/toolchain/bin/../lib/gcc/arm-none-eabi/4.8.4/../../../../arm-none-eabi/lib/armv6-m\libnosys.a(_exit.o)
                0x00001890                _exit
 *(.rodata)
 *(.rodata*)
 .rodata.str1.1
                0x00001894        0x2 c:/freescale/kds_3.0.0/toolchain/bin/../lib/gcc/arm-none-eabi/4.8.4/../../../../arm-none-eabi/lib/armv6-m\libg_s.a(lib_a-impure.o)
 *fill*         0x00001896        0x2 
 .rodata._global_impure_ptr
                0x00001898        0x4 c:/freescale/kds_3.0.0/toolchain/bin/../lib/gcc/arm-none-eabi/4.8.4/../../../../arm-none-eabi/lib/armv6-m\libg_s.a(lib_a-impure.o)
                0x00001898                _global_impure_ptr
 *(.glue_7)
 .glue_7        0x00000000        0x0 linker stubs
 *(.glue_7t)
 .glue_7t       0x00000000        0x0 linker stubs
 *(.eh_frame)
 .eh_frame      0x0000189c        0x0 c:/freescale/kds_3.0.0/toolchain/bin/../lib/gcc/arm-none-eabi/4.8.4/armv6-m/crtbegin.o
 *(.init)
 .init          0x0000189c        0x4 c:/freescale/kds_3.0.0/toolchain/bin/../lib/gcc/arm-none-eabi/4.8.4/armv6-m/crti.o
                0x0000189c                _init
 .init          0x000018a0        0x8 c:/freescale/kds_3.0.0/toolchain/bin/../lib/gcc/arm-none-eabi/4.8.4/armv6-m/crtn.o
 *(.fini)
 .fini          0x000018a8        0x4 c:/freescale/kds_3.0.0/toolchain/bin/../lib/gcc/arm-none-eabi/4.8.4/armv6-m/crti.o
                0x000018a8                _fini
 .fini          0x000018ac        0x8 c:/freescale/kds_3.0.0/toolchain/bin/../lib/gcc/arm-none-eabi/4.8.4/armv6-m/crtn.o
                0x000018b4                . = ALIGN (0x4)
                0x000018b4                _etext = .

.vfp11_veneer   0x000018b4        0x0
 .vfp11_veneer  0x00000000        0x0 linker stubs

.v4_bx          0x000018b4        0x0
 .v4_bx         0x00000000        0x0 linker stubs

.iplt           0x000018b4        0x0
 .iplt          0x00000000        0x0 c:/freescale/kds_3.0.0/toolchain/bin/../lib/gcc/arm-none-eabi/4.8.4/armv6-m/crtbegin.o

.ARM.extab
 *(.ARM.extab* .gnu.linkonce.armextab.*)

.ARM            0x000018b4        0x8
                0x000018b4                __exidx_start = .
 *(.ARM.exidx*)
 .ARM.exidx     0x000018b4        0x8 c:/freescale/kds_3.0.0/toolchain/bin/../lib/gcc/arm-none-eabi/4.8.4/../../../../arm-none-eabi/lib/armv6-m/crt0.o
                0x000018bc                __exidx_end = .

.rel.dyn        0x000018bc        0x0
 .rel.iplt      0x00000000        0x0 c:/freescale/kds_3.0.0/toolchain/bin/../lib/gcc/arm-none-eabi/4.8.4/armv6-m/crtbegin.o

.ctors          0x000018bc        0x0
                0x000018bc                __CTOR_LIST__ = .
 *crtbegin.o(.ctors)
 *(EXCLUDE_FILE(*crtend.o) .ctors)
 *(SORT(.ctors.*))
 *(.ctors)
                0x000018bc                __CTOR_END__ = .

.dtors          0x000018bc        0x0
                0x000018bc                __DTOR_LIST__ = .
 *crtbegin.o(.dtors)
 *(EXCLUDE_FILE(*crtend.o) .dtors)
 *(SORT(.dtors.*))
 *(.dtors)
                0x000018bc                __DTOR_END__ = .

.preinit_array  0x000018bc        0x0
                0x000018bc                PROVIDE (__preinit_array_start, .)
 *(.preinit_array*)
                0x000018bc                PROVIDE (__preinit_array_end, .)

.init_array     0x000018bc        0x4
                0x000018bc                PROVIDE (__init_array_start, .)
 *(SORT(.init_array.*))
 *(.init_array*)
 .init_array    0x000018bc        0x4 c:/freescale/kds_3.0.0/toolchain/bin/../lib/gcc/arm-none-eabi/4.8.4/armv6-m/crtbegin.o
                0x000018c0                PROVIDE (__init_array_end, .)

.fini_array     0x000018c0        0x4
                0x000018c0                PROVIDE (__fini_array_start, .)
 *(SORT(.fini_array.*))
 *(.fini_array*)
 .fini_array    0x000018c0        0x4 c:/freescale/kds_3.0.0/toolchain/bin/../lib/gcc/arm-none-eabi/4.8.4/armv6-m/crtbegin.o
                0x000018c4                PROVIDE (__fini_array_end, .)
                0x000018c4                ___ROM_AT = .

.mtb            0x1ffff000        0x0
                0x1ffff000                . = ALIGN (0x8)
                0x1ffff000                _mtb_start = .
 *(.mtb_buf)
                0x1ffff000                . = ALIGN (0x8)
                0x1ffff000                _mtb_end = .

.data           0x1ffff000       0x60 load address 0x000018c4
                0x1ffff000                . = ALIGN (0x4)
                0x1ffff000                _sdata = .
 *(.data)
 *(.data*)
 .data.impure_data
                0x1ffff000       0x60 c:/freescale/kds_3.0.0/toolchain/bin/../lib/gcc/arm-none-eabi/4.8.4/../../../../arm-none-eabi/lib/armv6-m\libg_s.a(lib_a-impure.o)
                0x1ffff060                . = ALIGN (0x4)
                0x1ffff060                _edata = .
                0x00000060                ___data_size = (_edata - _sdata)

.jcr            0x1ffff060        0x0 load address 0x00001924
 .jcr           0x1ffff060        0x0 c:/freescale/kds_3.0.0/toolchain/bin/../lib/gcc/arm-none-eabi/4.8.4/armv6-m/crtbegin.o

.igot.plt       0x1ffff060        0x0 load address 0x00001924
 .igot.plt      0x00000000        0x0 c:/freescale/kds_3.0.0/toolchain/bin/../lib/gcc/arm-none-eabi/4.8.4/armv6-m/crtbegin.o
                0x1ffff060                . = ALIGN (0x4)

.bss            0x1ffff060      0x10c load address 0x00001924
                0x1ffff060                __START_BSS = .
                0x1ffff060                PROVIDE (__bss_start__, __START_BSS)
 *(.bss)
 .bss           0x1ffff060       0x1c c:/freescale/kds_3.0.0/toolchain/bin/../lib/gcc/arm-none-eabi/4.8.4/armv6-m/crtbegin.o
 *(.bss*)
 .bss.deviceData
                0x1ffff07c        0xc ./Sources/Application.o
 .bss._BC_Counter
                0x1ffff088        0x4 ./Sources/Events.o
 .bss._state    0x1ffff08c        0x4 ./Sources/Events.o
 .bss.ModeFlg   0x1ffff090        0x1 ./Generated_Code/AD1.o
 *fill*         0x1ffff091        0x3 
 .bss.SampleGroup
                0x1ffff094        0x4 ./Generated_Code/AD1.o
 .bss.OutFlg    0x1ffff098        0x1 ./Generated_Code/AD1.o
 *fill*         0x1ffff099        0x3 
 .bss.DeviceDataPrv__DEFAULT_RTOS_ALLOC
                0x1ffff09c       0x18 ./Generated_Code/AS1.o
 .bss.INT_UART0__DEFAULT_RTOS_ISRPARAM
                0x1ffff0b4        0x4 ./Generated_Code/AS1.o
 .bss.DeviceDataPrv__DEFAULT_RTOS_ALLOC
                0x1ffff0b8        0x8 ./Generated_Code/AdcLdd1.o
 .bss.INT_ADC0__DEFAULT_RTOS_ISRPARAM
                0x1ffff0c0        0x4 ./Generated_Code/AdcLdd1.o
 .bss.DeviceDataPrv__DEFAULT_RTOS_ALLOC
                0x1ffff0c4        0x4 ./Generated_Code/BitIoLdd1.o
 .bss.DeviceDataPrv__DEFAULT_RTOS_ALLOC
                0x1ffff0c8        0x4 ./Generated_Code/BitIoLdd2.o
 .bss.SR_lock   0x1ffff0cc        0x1 ./Generated_Code/Cpu.o
                0x1ffff0cc                SR_lock
 *fill*         0x1ffff0cd        0x3 
 .bss.PE_LDD_DeviceDataList
                0x1ffff0d0       0x20 ./Generated_Code/PE_LDD.o
                0x1ffff0d0                PE_LDD_DeviceDataList
 .bss.DeviceDataPrv__DEFAULT_RTOS_ALLOC
                0x1ffff0f0        0xc ./Generated_Code/PwmLdd1.o
 .bss.RxBuf_buffer
                0x1ffff0fc       0x40 ./Generated_Code/RxBuf.o
 .bss.RxBuf_inIdx
                0x1ffff13c        0x1 ./Generated_Code/RxBuf.o
 .bss.RxBuf_outIdx
                0x1ffff13d        0x1 ./Generated_Code/RxBuf.o
 .bss.RxBuf_inSize
                0x1ffff13e        0x1 ./Generated_Code/RxBuf.o
 *fill*         0x1ffff13f        0x1 
 .bss.DeviceDataPrv__DEFAULT_RTOS_ALLOC
                0x1ffff140        0x8 ./Generated_Code/TU1.o
 .bss.INT_LPTMR0__DEFAULT_RTOS_ISRPARAM
                0x1ffff148        0x4 ./Generated_Code/TU1.o
 .bss.DeviceDataPrv__DEFAULT_RTOS_ALLOC
                0x1ffff14c        0x8 ./Generated_Code/TU2.o
 .bss.DeviceDataPrv__DEFAULT_RTOS_ALLOC
                0x1ffff154        0xc ./Generated_Code/TimerIntLdd1.o
 *(COMMON)
 COMMON         0x1ffff160        0x8 ./Generated_Code/AD1.o
                0x1ffff160                AD1_OutV
                0x1ffff164                AdcLdd1_DeviceDataPtr
 COMMON         0x1ffff168        0x1 ./Generated_Code/Cpu.o
                0x1ffff168                SR_reg
                0x1ffff16c                . = ALIGN (0x4)
 *fill*         0x1ffff169        0x3 
                0x1ffff16c                __END_BSS = .
                0x1ffff16c                PROVIDE (__bss_end__, __END_BSS)
                0x00001924                _romp_at = (___ROM_AT + SIZEOF (.data))

.romp           0x1ffff16c       0x18 load address 0x00001924
                0x00001924                __S_romp = _romp_at
                0x1ffff16c        0x4 LONG 0x18c4 ___ROM_AT
                0x1ffff170        0x4 LONG 0x1ffff000 _sdata
                0x1ffff174        0x4 LONG 0x60 ___data_size
                0x1ffff178        0x4 LONG 0x0
                0x1ffff17c        0x4 LONG 0x0
                0x1ffff180        0x4 LONG 0x0
                0x00020000                text_end = (ORIGIN (m_text) + 0x1fbf0)
                0x0000193c                data_init_end = ((___ROM_AT + SIZEOF (.data)) + SIZEOF (.romp))
                0x00000001                ASSERT ((data_init_end <= text_end), region m_text overflowed with text and data)

._user_heap_stack
                0x1ffff184      0x400 load address 0x0000193c
                0x1ffff184                . = ALIGN (0x4)
                0x1ffff184                PROVIDE (end, .)
                0x1ffff184                PROVIDE (_end, .)
                0x1ffff184                PROVIDE (__end__, .)
                0x1ffff184                __heap_addr = .
                0x1ffff184                __HeapBase = .
                0x1ffff184                . = (. + __heap_size)
                0x1ffff184                __HeapLimit = .
                0x1ffff584                . = (. + __stack_size)
 *fill*         0x1ffff184      0x400 
                0x1ffff584                . = ALIGN (0x4)

.ARM.attributes
                0x00000000       0x28
 *(.ARM.attributes)
 .ARM.attributes
                0x00000000       0x1e c:/freescale/kds_3.0.0/toolchain/bin/../lib/gcc/arm-none-eabi/4.8.4/armv6-m/crti.o
 .ARM.attributes
                0x0000001e       0x2c c:/freescale/kds_3.0.0/toolchain/bin/../lib/gcc/arm-none-eabi/4.8.4/armv6-m/crtbegin.o
 .ARM.attributes
                0x0000004a       0x1b c:/freescale/kds_3.0.0/toolchain/bin/../lib/gcc/arm-none-eabi/4.8.4/../../../../arm-none-eabi/lib/armv6-m/crt0.o
 .ARM.attributes
                0x00000065       0x32 ./Sources/Application.o
 .ARM.attributes
                0x00000097       0x32 ./Sources/Events.o
 .ARM.attributes
                0x000000c9       0x32 ./Sources/main.o
 .ARM.attributes
                0x000000fb       0x32 ./Project_Settings/Startup_Code/startup.o
 .ARM.attributes
                0x0000012d       0x32 ./Generated_Code/AD1.o
 .ARM.attributes
                0x0000015f       0x32 ./Generated_Code/AS1.o
 .ARM.attributes
                0x00000191       0x32 ./Generated_Code/AdcLdd1.o
 .ARM.attributes
                0x000001c3       0x32 ./Generated_Code/BitIoLdd1.o
 .ARM.attributes
                0x000001f5       0x32 ./Generated_Code/BitIoLdd2.o
 .ARM.attributes
                0x00000227       0x32 ./Generated_Code/Cpu.o
 .ARM.attributes
                0x00000259       0x32 ./Generated_Code/LitleClock.o
 .ARM.attributes
                0x0000028b       0x32 ./Generated_Code/PE_LDD.o
 .ARM.attributes
                0x000002bd       0x32 ./Generated_Code/PwmLdd1.o
 .ARM.attributes
                0x000002ef       0x32 ./Generated_Code/RxBuf.o
 .ARM.attributes
                0x00000321       0x32 ./Generated_Code/TU1.o
 .ARM.attributes
                0x00000353       0x32 ./Generated_Code/TU2.o
 .ARM.attributes
                0x00000385       0x32 ./Generated_Code/TimerIntLdd1.o
 .ARM.attributes
                0x000003b7       0x32 ./Generated_Code/Vectors.o
 .ARM.attributes
                0x000003e9       0x2c c:/freescale/kds_3.0.0/toolchain/bin/../lib/gcc/arm-none-eabi/4.8.4/../../../../arm-none-eabi/lib/armv6-m\libg_s.a(lib_a-exit.o)
 .ARM.attributes
                0x00000415       0x2c c:/freescale/kds_3.0.0/toolchain/bin/../lib/gcc/arm-none-eabi/4.8.4/../../../../arm-none-eabi/lib/armv6-m\libg_s.a(lib_a-impure.o)
 .ARM.attributes
                0x00000441       0x2c c:/freescale/kds_3.0.0/toolchain/bin/../lib/gcc/arm-none-eabi/4.8.4/../../../../arm-none-eabi/lib/armv6-m\libg_s.a(lib_a-init.o)
 .ARM.attributes
                0x0000046d       0x2c c:/freescale/kds_3.0.0/toolchain/bin/../lib/gcc/arm-none-eabi/4.8.4/../../../../arm-none-eabi/lib/armv6-m\libg_s.a(lib_a-memset.o)
 .ARM.attributes
                0x00000499       0x2c c:/freescale/kds_3.0.0/toolchain/bin/../lib/gcc/arm-none-eabi/4.8.4/../../../../arm-none-eabi/lib/armv6-m\libnosys.a(_exit.o)
 .ARM.attributes
                0x000004c5       0x1e c:/freescale/kds_3.0.0/toolchain/bin/../lib/gcc/arm-none-eabi/4.8.4/armv6-m/crtn.o
OUTPUT(Potentiometer_Reading_2015_10_06.elf elf32-littlearm)

.debug_info     0x00000000     0x4072
 .debug_info    0x00000000      0x286 ./Sources/Application.o
 .debug_info    0x00000286      0x251 ./Sources/Events.o
 .debug_info    0x000004d7       0xbd ./Sources/main.o
 .debug_info    0x00000594      0x20a ./Project_Settings/Startup_Code/startup.o
 .debug_info    0x0000079e      0x299 ./Generated_Code/AD1.o
 .debug_info    0x00000a37      0x777 ./Generated_Code/AS1.o
 .debug_info    0x000011ae      0x8d9 ./Generated_Code/AdcLdd1.o
 .debug_info    0x00001a87      0x380 ./Generated_Code/BitIoLdd1.o
 .debug_info    0x00001e07      0x380 ./Generated_Code/BitIoLdd2.o
 .debug_info    0x00002187      0x842 ./Generated_Code/Cpu.o
 .debug_info    0x000029c9       0xb2 ./Generated_Code/LitleClock.o
 .debug_info    0x00002a7b      0x251 ./Generated_Code/PE_LDD.o
 .debug_info    0x00002ccc      0x2d4 ./Generated_Code/PwmLdd1.o
 .debug_info    0x00002fa0      0x1f2 ./Generated_Code/RxBuf.o
 .debug_info    0x00003192      0x524 ./Generated_Code/TU1.o
 .debug_info    0x000036b6      0x6aa ./Generated_Code/TU2.o
 .debug_info    0x00003d60      0x204 ./Generated_Code/TimerIntLdd1.o
 .debug_info    0x00003f64      0x10e ./Generated_Code/Vectors.o

.debug_abbrev   0x00000000     0x14d9
 .debug_abbrev  0x00000000      0x117 ./Sources/Application.o
 .debug_abbrev  0x00000117      0x165 ./Sources/Events.o
 .debug_abbrev  0x0000027c       0x7a ./Sources/main.o
 .debug_abbrev  0x000002f6      0x11e ./Project_Settings/Startup_Code/startup.o
 .debug_abbrev  0x00000414      0x173 ./Generated_Code/AD1.o
 .debug_abbrev  0x00000587      0x1b8 ./Generated_Code/AS1.o
 .debug_abbrev  0x0000073f      0x1d2 ./Generated_Code/AdcLdd1.o
 .debug_abbrev  0x00000911      0x136 ./Generated_Code/BitIoLdd1.o
 .debug_abbrev  0x00000a47      0x136 ./Generated_Code/BitIoLdd2.o
 .debug_abbrev  0x00000b7d      0x14f ./Generated_Code/Cpu.o
 .debug_abbrev  0x00000ccc       0x68 ./Generated_Code/LitleClock.o
 .debug_abbrev  0x00000d34      0x10d ./Generated_Code/PE_LDD.o
 .debug_abbrev  0x00000e41      0x122 ./Generated_Code/PwmLdd1.o
 .debug_abbrev  0x00000f63       0xf1 ./Generated_Code/RxBuf.o
 .debug_abbrev  0x00001054      0x16c ./Generated_Code/TU1.o
 .debug_abbrev  0x000011c0      0x198 ./Generated_Code/TU2.o
 .debug_abbrev  0x00001358       0xdd ./Generated_Code/TimerIntLdd1.o
 .debug_abbrev  0x00001435       0xa4 ./Generated_Code/Vectors.o

.debug_aranges  0x00000000      0x460
 .debug_aranges
                0x00000000       0x50 ./Sources/Application.o
 .debug_aranges
                0x00000050       0x48 ./Sources/Events.o
 .debug_aranges
                0x00000098       0x20 ./Sources/main.o
 .debug_aranges
                0x000000b8       0x50 ./Project_Settings/Startup_Code/startup.o
 .debug_aranges
                0x00000108       0x58 ./Generated_Code/AD1.o
 .debug_aranges
                0x00000160       0x48 ./Generated_Code/AS1.o
 .debug_aranges
                0x000001a8       0x60 ./Generated_Code/AdcLdd1.o
 .debug_aranges
                0x00000208       0x40 ./Generated_Code/BitIoLdd1.o
 .debug_aranges
                0x00000248       0x40 ./Generated_Code/BitIoLdd2.o
 .debug_aranges
                0x00000288       0x38 ./Generated_Code/Cpu.o
 .debug_aranges
                0x000002c0       0x20 ./Generated_Code/LitleClock.o
 .debug_aranges
                0x000002e0       0x30 ./Generated_Code/PE_LDD.o
 .debug_aranges
                0x00000310       0x40 ./Generated_Code/PwmLdd1.o
 .debug_aranges
                0x00000350       0x40 ./Generated_Code/RxBuf.o
 .debug_aranges
                0x00000390       0x38 ./Generated_Code/TU1.o
 .debug_aranges
                0x000003c8       0x48 ./Generated_Code/TU2.o
 .debug_aranges
                0x00000410       0x38 ./Generated_Code/TimerIntLdd1.o
 .debug_aranges
                0x00000448       0x18 ./Generated_Code/Vectors.o

.debug_ranges   0x00000000      0x338
 .debug_ranges  0x00000000       0x40 ./Sources/Application.o
 .debug_ranges  0x00000040       0x38 ./Sources/Events.o
 .debug_ranges  0x00000078       0x10 ./Sources/main.o
 .debug_ranges  0x00000088       0x40 ./Project_Settings/Startup_Code/startup.o
 .debug_ranges  0x000000c8       0x48 ./Generated_Code/AD1.o
 .debug_ranges  0x00000110       0x38 ./Generated_Code/AS1.o
 .debug_ranges  0x00000148       0x50 ./Generated_Code/AdcLdd1.o
 .debug_ranges  0x00000198       0x30 ./Generated_Code/BitIoLdd1.o
 .debug_ranges  0x000001c8       0x30 ./Generated_Code/BitIoLdd2.o
 .debug_ranges  0x000001f8       0x28 ./Generated_Code/Cpu.o
 .debug_ranges  0x00000220       0x10 ./Generated_Code/LitleClock.o
 .debug_ranges  0x00000230       0x20 ./Generated_Code/PE_LDD.o
 .debug_ranges  0x00000250       0x30 ./Generated_Code/PwmLdd1.o
 .debug_ranges  0x00000280       0x30 ./Generated_Code/RxBuf.o
 .debug_ranges  0x000002b0       0x28 ./Generated_Code/TU1.o
 .debug_ranges  0x000002d8       0x38 ./Generated_Code/TU2.o
 .debug_ranges  0x00000310       0x28 ./Generated_Code/TimerIntLdd1.o

.debug_macro    0x00000000    0x130fa
 .debug_macro   0x00000000      0x19a ./Sources/Application.o
 .debug_macro   0x0000019a      0x802 ./Sources/Application.o
 .debug_macro   0x0000099c       0x16 ./Sources/Application.o
 .debug_macro   0x000009b2       0x44 ./Sources/Application.o
 .debug_macro   0x000009f6      0x209 ./Sources/Application.o
 .debug_macro   0x00000bff     0x15a0 ./Sources/Application.o
 .debug_macro   0x0000219f      0x14e ./Sources/Application.o
 .debug_macro   0x000022ed       0x64 ./Sources/Application.o
 .debug_macro   0x00002351     0x6691 ./Sources/Application.o
 .debug_macro   0x000089e2       0x9a ./Sources/Application.o
 .debug_macro   0x00008a7c       0x94 ./Sources/Application.o
 .debug_macro   0x00008b10      0x616 ./Sources/Application.o
 .debug_macro   0x00009126       0x7b ./Sources/Application.o
 .debug_macro   0x000091a1       0x17 ./Sources/Application.o
 .debug_macro   0x000091b8       0x10 ./Sources/Application.o
 .debug_macro   0x000091c8       0x50 ./Sources/Application.o
 .debug_macro   0x00009218      0x132 ./Sources/Application.o
 .debug_macro   0x0000934a       0x40 ./Sources/Application.o
 .debug_macro   0x0000938a       0x1f ./Sources/Application.o
 .debug_macro   0x000093a9       0x46 ./Sources/Application.o
 .debug_macro   0x000093ef       0x1f ./Sources/Application.o
 .debug_macro   0x0000940e      0x25b ./Sources/Application.o
 .debug_macro   0x00009669       0x5a ./Sources/Application.o
 .debug_macro   0x000096c3       0x29 ./Sources/Application.o
 .debug_macro   0x000096ec       0x11 ./Sources/Application.o
 .debug_macro   0x000096fd      0x1dc ./Sources/Application.o
 .debug_macro   0x000098d9       0x74 ./Sources/Application.o
 .debug_macro   0x0000994d       0x37 ./Sources/Application.o
 .debug_macro   0x00009984       0x25 ./Sources/Application.o
 .debug_macro   0x000099a9      0x1ea ./Sources/Events.o
 .debug_macro   0x00009b93       0x94 ./Sources/Events.o
 .debug_macro   0x00009c27      0x1ea ./Sources/main.o
 .debug_macro   0x00009e11      0x121 ./Project_Settings/Startup_Code/startup.o
 .debug_macro   0x00009f32       0x58 ./Project_Settings/Startup_Code/startup.o
 .debug_macro   0x00009f8a       0x35 ./Project_Settings/Startup_Code/startup.o
 .debug_macro   0x00009fbf       0xa3 ./Project_Settings/Startup_Code/startup.o
 .debug_macro   0x0000a062      0x166 ./Project_Settings/Startup_Code/startup.o
 .debug_macro   0x0000a1c8       0x4a ./Project_Settings/Startup_Code/startup.o
 .debug_macro   0x0000a212       0x52 ./Project_Settings/Startup_Code/startup.o
 .debug_macro   0x0000a264       0x16 ./Project_Settings/Startup_Code/startup.o
 .debug_macro   0x0000a27a       0x43 ./Project_Settings/Startup_Code/startup.o
 .debug_macro   0x0000a2bd      0x180 ./Project_Settings/Startup_Code/startup.o
 .debug_macro   0x0000a43d      0x2a6 ./Project_Settings/Startup_Code/startup.o
 .debug_macro   0x0000a6e3       0x10 ./Project_Settings/Startup_Code/startup.o
 .debug_macro   0x0000a6f3       0x35 ./Project_Settings/Startup_Code/startup.o
 .debug_macro   0x0000a728       0x16 ./Project_Settings/Startup_Code/startup.o
 .debug_macro   0x0000a73e       0x22 ./Project_Settings/Startup_Code/startup.o
 .debug_macro   0x0000a760       0x10 ./Project_Settings/Startup_Code/startup.o
 .debug_macro   0x0000a770      0x20f ./Project_Settings/Startup_Code/startup.o
 .debug_macro   0x0000a97f     0x6685 ./Project_Settings/Startup_Code/startup.o
 .debug_macro   0x00011004      0x202 ./Generated_Code/AD1.o
 .debug_macro   0x00011206      0x21d ./Generated_Code/AS1.o
 .debug_macro   0x00011423       0x4a ./Generated_Code/AS1.o
 .debug_macro   0x0001146d      0x303 ./Generated_Code/AS1.o
 .debug_macro   0x00011770      0x99c ./Generated_Code/AS1.o
 .debug_macro   0x0001210c       0xd3 ./Generated_Code/AdcLdd1.o
 .debug_macro   0x000121df       0xa6 ./Generated_Code/BitIoLdd1.o
 .debug_macro   0x00012285       0xa6 ./Generated_Code/BitIoLdd2.o
 .debug_macro   0x0001232b       0x40 ./Generated_Code/BitIoLdd2.o
 .debug_macro   0x0001236b      0x22c ./Generated_Code/Cpu.o
 .debug_macro   0x00012597      0x1e4 ./Generated_Code/LitleClock.o
 .debug_macro   0x0001277b      0x17e ./Generated_Code/PE_LDD.o
 .debug_macro   0x000128f9       0xbb ./Generated_Code/PwmLdd1.o
 .debug_macro   0x000129b4       0x8f ./Generated_Code/RxBuf.o
 .debug_macro   0x00012a43       0xbb ./Generated_Code/TU1.o
 .debug_macro   0x00012afe      0x255 ./Generated_Code/TU1.o
 .debug_macro   0x00012d53       0xb4 ./Generated_Code/TU2.o
 .debug_macro   0x00012e07       0xca ./Generated_Code/TimerIntLdd1.o
 .debug_macro   0x00012ed1      0x229 ./Generated_Code/Vectors.o

.debug_line     0x00000000     0x41c5
 .debug_line    0x00000000      0x445 ./Sources/Application.o
 .debug_line    0x00000445      0x401 ./Sources/Events.o
 .debug_line    0x00000846      0x3a1 ./Sources/main.o
 .debug_line    0x00000be7      0x3ff ./Project_Settings/Startup_Code/startup.o
 .debug_line    0x00000fe6      0x497 ./Generated_Code/AD1.o
 .debug_line    0x0000147d      0x4f4 ./Generated_Code/AS1.o
 .debug_line    0x00001971      0x381 ./Generated_Code/AdcLdd1.o
 .debug_line    0x00001cf2      0x2c8 ./Generated_Code/BitIoLdd1.o
 .debug_line    0x00001fba      0x2c8 ./Generated_Code/BitIoLdd2.o
 .debug_line    0x00002282      0x514 ./Generated_Code/Cpu.o
 .debug_line    0x00002796      0x3e7 ./Generated_Code/LitleClock.o
 .debug_line    0x00002b7d      0x37b ./Generated_Code/PE_LDD.o
 .debug_line    0x00002ef8      0x2e4 ./Generated_Code/PwmLdd1.o
 .debug_line    0x000031dc      0x28d ./Generated_Code/RxBuf.o
 .debug_line    0x00003469      0x2cf ./Generated_Code/TU1.o
 .debug_line    0x00003738      0x30e ./Generated_Code/TU2.o
 .debug_line    0x00003a46      0x2de ./Generated_Code/TimerIntLdd1.o
 .debug_line    0x00003d24      0x4a1 ./Generated_Code/Vectors.o

.debug_str      0x00000000    0x43221
 .debug_str     0x00000000    0x35106 ./Sources/Application.o
                              0x3550f (size before relaxing)
 .debug_str     0x00035106       0xfe ./Sources/Events.o
                              0x35591 (size before relaxing)
 .debug_str     0x00035204       0x17 ./Sources/main.o
                              0x35488 (size before relaxing)
 .debug_str     0x0003521b     0x2637 ./Project_Settings/Startup_Code/startup.o
                              0x27321 (size before relaxing)
 .debug_str     0x00037852      0x156 ./Generated_Code/AD1.o
                              0x355fa (size before relaxing)
 .debug_str     0x000379a8     0xaba6 ./Generated_Code/AS1.o
                              0x40094 (size before relaxing)
 .debug_str     0x0004254e      0x2fd ./Generated_Code/AdcLdd1.o
                              0x313f4 (size before relaxing)
 .debug_str     0x0004284b       0xe4 ./Generated_Code/BitIoLdd1.o
                              0x2cbf5 (size before relaxing)
 .debug_str     0x0004292f       0xa0 ./Generated_Code/BitIoLdd2.o
                              0x2cbf5 (size before relaxing)
 .debug_str     0x000429cf      0x19c ./Generated_Code/Cpu.o
                              0x3576d (size before relaxing)
 .debug_str     0x00042b6b       0x38 ./Generated_Code/LitleClock.o
                              0x3549d (size before relaxing)
 .debug_str     0x00042ba3      0x172 ./Generated_Code/PE_LDD.o
                              0x355fd (size before relaxing)
 .debug_str     0x00042d15       0xcf ./Generated_Code/PwmLdd1.o
                              0x2de98 (size before relaxing)
 .debug_str     0x00042de4       0x9f ./Generated_Code/RxBuf.o
                              0x2bc2d (size before relaxing)
 .debug_str     0x00042e83       0xfa ./Generated_Code/TU1.o
                              0x2dc37 (size before relaxing)
 .debug_str     0x00042f7d      0x1bc ./Generated_Code/TU2.o
                              0x2df56 (size before relaxing)
 .debug_str     0x00043139       0xcc ./Generated_Code/TimerIntLdd1.o
                              0x2db86 (size before relaxing)
 .debug_str     0x00043205       0x1c ./Generated_Code/Vectors.o
                              0x354b4 (size before relaxing)

.comment        0x00000000       0x70
 .comment       0x00000000       0x70 ./Sources/Application.o
                                 0x71 (size before relaxing)
 .comment       0x00000000       0x71 ./Sources/Events.o
 .comment       0x00000000       0x71 ./Sources/main.o
 .comment       0x00000000       0x71 ./Project_Settings/Startup_Code/startup.o
 .comment       0x00000000       0x71 ./Generated_Code/AD1.o
 .comment       0x00000000       0x71 ./Generated_Code/AS1.o
 .comment       0x00000000       0x71 ./Generated_Code/AdcLdd1.o
 .comment       0x00000000       0x71 ./Generated_Code/BitIoLdd1.o
 .comment       0x00000000       0x71 ./Generated_Code/BitIoLdd2.o
 .comment       0x00000000       0x71 ./Generated_Code/Cpu.o
 .comment       0x00000000       0x71 ./Generated_Code/LitleClock.o
 .comment       0x00000000       0x71 ./Generated_Code/PE_LDD.o
 .comment       0x00000000       0x71 ./Generated_Code/PwmLdd1.o
 .comment       0x00000000       0x71 ./Generated_Code/RxBuf.o
 .comment       0x00000000       0x71 ./Generated_Code/TU1.o
 .comment       0x00000000       0x71 ./Generated_Code/TU2.o
 .comment       0x00000000       0x71 ./Generated_Code/TimerIntLdd1.o
 .comment       0x00000000       0x71 ./Generated_Code/Vectors.o

.debug_frame    0x00000000      0xc04
 .debug_frame   0x00000000       0xec ./Sources/Application.o
 .debug_frame   0x000000ec       0xc0 ./Sources/Events.o
 .debug_frame   0x000001ac       0x2c ./Sources/main.o
 .debug_frame   0x000001d8       0xd0 ./Project_Settings/Startup_Code/startup.o
 .debug_frame   0x000002a8      0x108 ./Generated_Code/AD1.o
 .debug_frame   0x000003b0       0xd0 ./Generated_Code/AS1.o
 .debug_frame   0x00000480      0x130 ./Generated_Code/AdcLdd1.o
 .debug_frame   0x000005b0       0xb0 ./Generated_Code/BitIoLdd1.o
 .debug_frame   0x00000660       0xb0 ./Generated_Code/BitIoLdd2.o
 .debug_frame   0x00000710       0x80 ./Generated_Code/Cpu.o
 .debug_frame   0x00000790       0x30 ./Generated_Code/LitleClock.o
 .debug_frame   0x000007c0       0x6c ./Generated_Code/PE_LDD.o
 .debug_frame   0x0000082c       0xb0 ./Generated_Code/PwmLdd1.o
 .debug_frame   0x000008dc       0xa4 ./Generated_Code/RxBuf.o
 .debug_frame   0x00000980       0x90 ./Generated_Code/TU1.o
 .debug_frame   0x00000a10       0xd0 ./Generated_Code/TU2.o
 .debug_frame   0x00000ae0       0x90 ./Generated_Code/TimerIntLdd1.o
 .debug_frame   0x00000b70       0x28 c:/freescale/kds_3.0.0/toolchain/bin/../lib/gcc/arm-none-eabi/4.8.4/../../../../arm-none-eabi/lib/armv6-m\libg_s.a(lib_a-exit.o)
 .debug_frame   0x00000b98       0x2c c:/freescale/kds_3.0.0/toolchain/bin/../lib/gcc/arm-none-eabi/4.8.4/../../../../arm-none-eabi/lib/armv6-m\libg_s.a(lib_a-init.o)
 .debug_frame   0x00000bc4       0x20 c:/freescale/kds_3.0.0/toolchain/bin/../lib/gcc/arm-none-eabi/4.8.4/../../../../arm-none-eabi/lib/armv6-m\libg_s.a(lib_a-memset.o)
 .debug_frame   0x00000be4       0x20 c:/freescale/kds_3.0.0/toolchain/bin/../lib/gcc/arm-none-eabi/4.8.4/../../../../arm-none-eabi/lib/armv6-m\libnosys.a(_exit.o)
